[
	[
		"error",
		{
			"error": [
				"pre",
				{
					"type": [
						"unterminated string",
						{}
					]
				}
			],
			"range": {
				"start": {
					"position": 4,
					"line": 1,
					"column": 5
				},
				"length": 0,
				"size": [
					"single line",
					{
						"column offset": 0
					}
				]
			}
		}
	],
	[
		"token",
		{
			"annotation": {
				"range": {
					"start": {
						"position": 0,
						"line": 1,
						"column": 1
					},
					"length": 4,
					"size": [
						"single line",
						{
							"column offset": 4
						}
					]
				},
				"indentation": ""
			},
			"token": [
				"simple string",
				{
					"value": "foo",
					"wrapping": [
						"quote",
						{}
					]
				}
			]
		}
	]
]