[
	[
		"token",
		{
			"annotation": {
				"range": {
					"start": {
						"position": 0,
						"line": 1,
						"column": 1
					},
					"length": 1,
					"size": [
						"single line",
						{
							"column offset": 1
						}
					]
				},
				"indentation": ""
			},
			"token": [
				"simple string",
				{
					"value": "5",
					"wrapping": [
						"none",
						{}
					]
				}
			]
		}
	]
]